============================= test session starts ==============================
platform linux -- Python 3.12.13, pytest-9.0.2, pluggy-1.6.0 -- /usr/local/bin/python3.12
cachedir: .pytest_cache
rootdir: /app
plugins: anyio-4.12.1
collecting ... collected 4 items

tests/test_validator.py::test_normalize_digits PASSED                    [ 25%]
tests/test_validator.py::test_clean_dob PASSED                           [ 50%]
tests/test_validator.py::test_validate_nid PASSED                        [ 75%]
tests/test_validator.py::test_process_dataframe PASSED                   [100%]

============================== 4 passed in 0.25s ===============================
